"Rent","363.03"
Insurance
Cash
"Administration","31.53"
Utilities
"Legal","13"