[
  {
    "date": "2015-03-10T00:00:00.000Z",
    "status": "debit",
    "debit": "13.00",
    "credit": "",
    "description": "CARD PAYMENT TO COMPANIES HOUSE 13.00 GBP ON 08-03-2015 13.00",
    "category": {
      "name": "Legal",
      "title": "Legal/professional fees",
      "category": "debit"
    },
    "about": "contract",
    "id": "15C-0001-contract"
  },
  {
    "date": "2015-03-18T00:00:00.000Z",
    "status": "debit",
    "debit": "28.78",
    "credit": "",
    "description": "CARD PAYMENT TO LTD R/T 28.78 GBP ON 16-03-2015 28.78",
    "category": {
      "name": "Administration",
      "title": "General Administration",
      "category": "debit"
    },
    "about": "stuff",
    "id": "15C-0002-stuff"
  },
  {
    "date": "2015-03-20T00:00:00.000Z",
    "status": "credit",
    "debit": "",
    "credit": "250.00",
    "description": "FASTER PAYMENTS RECEIPT REF.SHARES FROM DIRECTOR 250.00",
    "category": {
      "name": "Shares",
      "title": "Shares",
      "column": "credit"
    },
    "about": "CAP",
    "id": "15-CAP-03"
  },
  {
    "date": "2015-03-25T00:00:00.000Z",
    "status": "debit",
    "debit": "234.13",
    "credit": "",
    "description": "DIRECT DEBIT PAYMENT TO LTD-MANAGEMENT REF 0000001 MANDATE NO 0002 234.13",
    "category": {
      "name": "Rent",
      "title": "Office rent",
      "category": "debit"
    },
    "about": "space 1",
    "id": "15C-0003-space 1"
  },
  {
    "date": "2015-03-29T23:00:00.000Z",
    "status": "credit",
    "debit": "",
    "credit": "0.02",
    "description": "INTEREST PAID AFTER TAX 0.00 DEDUCTED 0.02",
    "category": {
      "name": "Interest",
      "title": "Interest",
      "category": "credit"
    },
    "about": "INTEREST",
    "id": "15-INTEREST-03"
  },
  {
    "date": "2015-04-03T23:00:00.000Z",
    "status": "debit",
    "debit": "2.75",
    "credit": "",
    "description": "CARD PAYMENT TO GOOGLE 2.75 GBP ON 02-04-2015 2.75",
    "category": {
      "name": "Administration",
      "title": "General Administration",
      "category": "debit"
    },
    "about": "Google",
    "id": "15D-0001-Google"
  },
  {
    "date": "2015-04-06T23:00:00.000Z",
    "status": "debit",
    "debit": "128.90",
    "credit": "",
    "description": "DIRECT DEBIT PAYMENT TO LTD CAMDEN DI REF CA/1977 MANDATE NO 0003 128.90",
    "category": {
      "name": "Rent",
      "title": "Office rent",
      "category": "debit"
    },
    "about": "space 2",
    "id": "15D-0002-space 2"
  }
]
