Rent
"","'15C-0009-SPACE-1","234.13"
"","'15D-0006-SPACE-2","128.90"
Insurance
Cash
Administration
"","'15C-0008-STUFF","28.78"
"","'15D-0005--GOOGLE","2.75"
Utilities
Legal
"","'15C-0007-CONTRACT","13.00"